
> school-management-system@0.1.0 build
> next build

   Γû▓ Next.js 15.5.3
   - Environments: .env.local, .env.production

   Creating an optimized production build ...
 Γ£ô Compiled successfully in 54s
   Skipping validation of types
   Skipping linting
   Collecting page data ...
   Generating static pages (0/24) ...
   Generating static pages (6/24) 
   Generating static pages (12/24) 
Firebase environment variables check: {
  apiKey: 'your-api-k...',
  authDomain: 'your-project.firebaseapp.com',
  projectId: 'your-project-id',
  storageBucket: 'your-project.appspot.com',
  messagingSenderId: '123456789',
  appId: '1:123456789:web:abcd...'
}
Firebase config initialized successfully with project: your-project-id
   Generating static pages (18/24) 
 Γ£ô Generating static pages (24/24)
   Finalizing page optimization ...
   Collecting build traces ...

Route (app)                                  Size  First Load JS
Γöî Γùï /                                       162 B         106 kB
Γö£ Γùï /_not-found                             993 B         103 kB
Γö£ ╞Æ /api/check-env                          142 B         102 kB
Γö£ ╞Æ /api/schedules                          142 B         102 kB
Γö£ ╞Æ /api/schedules-new                      142 B         102 kB
Γö£ ╞Æ /api/students                           142 B         102 kB
Γö£ ╞Æ /api/students/add-to-sheet              142 B         102 kB
Γö£ ╞Æ /api/students/google-sheets             142 B         102 kB
Γö£ ╞Æ /api/teachers                           142 B         102 kB
Γö£ ╞Æ /api/teachers/google-sheets             142 B         102 kB
Γö£ Γùï /debug-firebase-live                  1.23 kB         103 kB
Γö£ Γùï /debug-schedules                      1.66 kB         104 kB
Γö£ Γùï /debug-teachers                         940 B         103 kB
Γö£ Γùï /diagnostic                           1.25 kB         103 kB
Γö£ Γùï /firebase-test                          979 B         103 kB
Γö£ Γùï /schedule                             5.05 kB         256 kB
Γö£ Γùï /students                             11.1 kB         265 kB
Γö£ Γùï /teachers                             15.2 kB         269 kB
Γö£ Γùï /teachers-simple                      1.34 kB         107 kB
Γö£ Γùï /terms                                5.27 kB         111 kB
Γöö Γùï /test-firebase                        1.04 kB         103 kB
+ First Load JS shared by all              102 kB
  Γö£ chunks/255-40634877ae3e8e9d.js        45.7 kB
  Γö£ chunks/4bd1b696-c023c6e3521b1417.js   54.2 kB
  Γöö other shared chunks (total)           2.09 kB

Route (pages)                                Size  First Load JS
ΓöÇ ╞Æ /api/socketio                             0 B          95 kB
+ First Load JS shared by all               95 kB
  Γö£ chunks/framework-acd67e14855de5a2.js  57.7 kB
  Γö£ chunks/main-0f3fa118f2e614d6.js       34.9 kB
  Γöö other shared chunks (total)           2.38 kB

Γùï  (Static)   prerendered as static content
╞Æ  (Dynamic)  server-rendered on demand

